node.exe : NODE_ENV=production is not supported in the .env file. Only 
NODE_ENV=development is supported to create a development build of your 
project. If you need to set process.env.NODE_ENV, you can set it in the Vite 
config instead.
At line:1 char:1
+ & "C:\Program Files\nodejs/node.exe" "C:\Program Files\nodejs/node_mo ...
+ ~~~~~~~~~~~~~~~~~~~~~~~~~~~~~~~~~~~~~~~~~~~~~~~~~~~~~~~~~~~~~~~~~~~~~
    + CategoryInfo          : NotSpecified: (NODE_ENV=produc...config instead. 
   :String) [], RemoteException
    + FullyQualifiedErrorId : NativeCommandError
 
[36mvite v5.4.20 [32mbuilding for production...[36m[39m
transforming...
Browserslist: browsers data (caniuse-lite) is 17 months old. Please run:
  npx update-browserslist-db@latest
  Why you should do it regularly: 
https://github.com/browserslist/update-db#readme

A PostCSS plugin did not pass the `from` option to `postcss.parse`. This may 
cause imported assets to be incorrectly transformed. If you've recently added 
a PostCSS plugin that raised this warning, please contact the package author 
to fix the issue.
[32mΓ£ô[39m 2948 modules transformed.
rendering chunks...
[1m[33m[plugin:vite:reporter][39m[22m [33m[plugin vite:reporter] 
(!) C:/Users/Sanket/Desktop/Me/Projects/ConnectPixelspotIn/ConnectPixelspotIn/n
ode_modules/firebase/auth/dist/esm/index.esm.js is dynamically imported by C:/U
sers/Sanket/Desktop/Me/Projects/ConnectPixelspotIn/ConnectPixelspotIn/client/sr
c/pages/Login.tsx but also statically imported by C:/Users/Sanket/Desktop/Me/Pr
ojects/ConnectPixelspotIn/ConnectPixelspotIn/client/src/contexts/AuthContext.ts
x, C:/Users/Sanket/Desktop/Me/Projects/ConnectPixelspotIn/ConnectPixelspotIn/cl
ient/src/lib/firebase.ts, C:/Users/Sanket/Desktop/Me/Projects/ConnectPixelspotI
n/ConnectPixelspotIn/client/src/pages/PasswordReset.tsx, dynamic import will 
not move module into another chunk.
[39m
computing gzip size...
[2m../dist/public/[22m[32mindex.html                                                                 [39m[1m[2m    6.04 kB[22m[1m[22m[2m Γöé gzip:   1.90 kB[22m
[2m../dist/public/[22m[32massets/pixelspot-logo-DUe5fkLr.png                                         [39m[1m[2m   37.38 kB[22m[1m[22m
[2m../dist/public/[22m[32massets/Gemini_Generated_Image_gkftp9gkftp9gkft_1763278160282-BBpOuSLu.png  [39m[1m[2m1,332.54 kB[22m[1m[22m
[2m../dist/public/[22m[32massets/Gemini_Generated_Image_n8g1q2n8g1q2n8g1_1763278640800-DxvkwhhC.png  [39m[1m[2m1,489.14 kB[22m[1m[22m
[2m../dist/public/[22m[32massets/Gemini_Generated_Image_a8c8zna8c8zna8c8_1763278499067-DmJ30NlS.png  [39m[1m[2m1,623.56 kB[22m[1m[22m
[2m../dist/public/[22m[32massets/Gemini_Generated_Image_fjsgtufjsgtufjsg_1763277847121-BJQiywGQ.png  [39m[1m[2m1,650.76 kB[22m[1m[22m
[2m../dist/public/[22m[32massets/Gemini_Generated_Image_58c0x558c0x558c0_1763278104633-m1TpUXNV.png  [39m[1m[2m1,667.08 kB[22m[1m[22m
[2m../dist/public/[22m[32massets/Gemini_Generated_Image_ladsi7ladsi7lads_1763277847120-BJqSziu0.png  [39m[1m[2m1,757.94 kB[22m[1m[22m
[2m../dist/public/[22m[32massets/Gemini_Generated_Image_pla8lvpla8lvpla8_1763277847120-DjbMOfVF.png  [39m[1m[2m1,821.98 kB[22m[1m[22m
[2m../dist/public/[22m[32massets/Gemini_Generated_Image_wfa0lrwfa0lrwfa0_1763277847119-CWCJ-Chv.png  [39m[1m[2m2,077.39 kB[22m[1m[22m
[2m../dist/public/[22m[35massets/index-BZTs0wuw.css                                                  [39m[1m[2m  110.54 kB[22m[1m[22m[2m Γöé gzip:  17.25 kB[22m
[2m../dist/public/[22m[36massets/skeleton-CkWyVTgz.js                                                [39m[1m[2m    0.21 kB[22m[1m[22m[2m Γöé gzip:   0.18 kB[22m
[2m../dist/public/[22m[36massets/check-CQnSr2FU.js                                                   [39m[1m[2m    0.29 kB[22m[1m[22m[2m Γöé gzip:   0.24 kB[22m
[2m../dist/public/[22m[36massets/loader-circle-BlEzppAS.js                                           [39m[1m[2m    0.31 kB[22m[1m[22m[2m Γöé gzip:   0.26 kB[22m
[2m../dist/public/[22m[36massets/plus-EX6aeGjm.js                                                    [39m[1m[2m    0.32 kB[22m[1m[22m[2m Γöé gzip:   0.25 kB[22m
[2m../dist/public/[22m[36massets/arrow-left-BF6yAw0m.js                                              [39m[1m[2m    0.33 kB[22m[1m[22m[2m Γöé gzip:   0.27 kB[22m
[2m../dist/public/[22m[36massets/arrow-right-C6XPqvj5.js                                             [39m[1m[2m    0.33 kB[22m[1m[22m[2m Γöé gzip:   0.26 kB[22m
[2m../dist/public/[22m[36massets/search-BqE1O5e5.js                                                  [39m[1m[2m    0.34 kB[22m[1m[22m[2m Γöé gzip:   0.27 kB[22m
[2m../dist/public/[22m[36massets/clock-gFtezeEk.js                                                   [39m[1m[2m    0.35 kB[22m[1m[22m[2m Γöé gzip:   0.27 kB[22m
[2m../dist/public/[22m[36massets/megaphone-Q-0Gbdne.js                                               [39m[1m[2m    0.36 kB[22m[1m[22m[2m Γöé gzip:   0.28 kB[22m
[2m../dist/public/[22m[36massets/circle-check-big-DlQTOxLR.js                                        [39m[1m[2m    0.36 kB[22m[1m[22m[2m Γöé gzip:   0.28 kB[22m
[2m../dist/public/[22m[36massets/user-B0ULiETx.js                                                    [39m[1m[2m    0.37 kB[22m[1m[22m[2m Γöé gzip:   0.29 kB[22m
[2m../dist/public/[22m[36massets/circle-x-Dtm2aEtu.js                                                [39m[1m[2m    0.38 kB[22m[1m[22m[2m Γöé gzip:   0.28 kB[22m
[2m../dist/public/[22m[36massets/trending-down-CMiw-b0d.js                                           [39m[1m[2m    0.38 kB[22m[1m[22m[2m Γöé gzip:   0.28 kB[22m
[2m../dist/public/[22m[36massets/mail-BQ0OzR-O.js                                                    [39m[1m[2m    0.38 kB[22m[1m[22m[2m Γöé gzip:   0.30 kB[22m
[2m../dist/public/[22m[36massets/target-8znFsELH.js                                                  [39m[1m[2m    0.40 kB[22m[1m[22m[2m Γöé gzip:   0.26 kB[22m
[2m../dist/public/[22m[36massets/pen-xvrO2twx.js                                                     [39m[1m[2m    0.40 kB[22m[1m[22m[2m Γöé gzip:   0.31 kB[22m
[2m../dist/public/[22m[36massets/globe-MMjSfl5w.js                                                   [39m[1m[2m    0.41 kB[22m[1m[22m[2m Γöé gzip:   0.29 kB[22m
[2m../dist/public/[22m[36massets/camera-BMzOgmYe.js                                                  [39m[1m[2m    0.42 kB[22m[1m[22m[2m Γöé gzip:   0.31 kB[22m
[2m../dist/public/[22m[36massets/circle-alert-D83QMRpq.js                                            [39m[1m[2m    0.42 kB[22m[1m[22m[2m Γöé gzip:   0.29 kB[22m
[2m../dist/public/[22m[36massets/eye-BloHMRCh.js                                                     [39m[1m[2m    0.43 kB[22m[1m[22m[2m Γöé gzip:   0.30 kB[22m
[2m../dist/public/[22m[36massets/upload-B8SPAnEx.js                                                  [39m[1m[2m    0.43 kB[22m[1m[22m[2m Γöé gzip:   0.32 kB[22m
[2m../dist/public/[22m[36massets/zap-Bn7FtkvM.js                                                     [39m[1m[2m    0.43 kB[22m[1m[22m[2m Γöé gzip:   0.31 kB[22m
[2m../dist/public/[22m[36massets/triangle-alert-0HTJQvIn.js                                          [39m[1m[2m    0.43 kB[22m[1m[22m[2m Γöé gzip:   0.31 kB[22m
[2m../dist/public/[22m[36massets/send-wwXRGQW8.js                                                    [39m[1m[2m    0.46 kB[22m[1m[22m[2m Γöé gzip:   0.33 kB[22m
[2m../dist/public/[22m[36massets/hash-BBzdknr2.js                                                    [39m[1m[2m    0.47 kB[22m[1m[22m[2m Γöé gzip:   0.30 kB[22m
[2m../dist/public/[22m[36massets/square-pen-NzIzxNeu.js                                              [39m[1m[2m    0.49 kB[22m[1m[22m[2m Γöé gzip:   0.34 kB[22m
[2m../dist/public/[22m[36massets/shield-check-D6fYUdEz.js                                            [39m[1m[2m    0.49 kB[22m[1m[22m[2m Γöé gzip:   0.35 kB[22m
[2m../dist/public/[22m[36massets/trash-2-DhKdgmWH.js                                                 [39m[1m[2m    0.53 kB[22m[1m[22m[2m Γöé gzip:   0.35 kB[22m
[2m../dist/public/[22m[36massets/chevron-right-B7dDjUi9.js                                           [39m[1m[2m    0.55 kB[22m[1m[22m[2m Γöé gzip:   0.28 kB[22m
[2m../dist/public/[22m[36massets/phone-9EpjEbxG.js                                                   [39m[1m[2m    0.56 kB[22m[1m[22m[2m Γöé gzip:   0.36 kB[22m
[2m../dist/public/[22m[36massets/textarea-JcSZXxLN.js                                                [39m[1m[2m    0.57 kB[22m[1m[22m[2m Γöé gzip:   0.36 kB[22m
[2m../dist/public/[22m[36massets/map-D7bIq-_F.js                                                     [39m[1m[2m    0.59 kB[22m[1m[22m[2m Γöé gzip:   0.38 kB[22m
[2m../dist/public/[22m[36massets/play-CDT-55SX.js                                                    [39m[1m[2m    0.60 kB[22m[1m[22m[2m Γöé gzip:   0.32 kB[22m
[2m../dist/public/[22m[36massets/building-2-BKnpDamQ.js                                              [39m[1m[2m    0.61 kB[22m[1m[22m[2m Γöé gzip:   0.35 kB[22m
[2m../dist/public/[22m[36massets/label-B6pz77Lq.js                                                   [39m[1m[2m    0.63 kB[22m[1m[22m[2m Γöé gzip:   0.41 kB[22m
[2m../dist/public/[22m[36massets/building-DvnLxbpP.js                                                [39m[1m[2m    0.71 kB[22m[1m[22m[2m Γöé gzip:   0.37 kB[22m
[2m../dist/public/[22m[36massets/not-found-uIH7jM28.js                                               [39m[1m[2m    0.84 kB[22m[1m[22m[2m Γöé gzip:   0.45 kB[22m
[2m../dist/public/[22m[36massets/alert-Cqn8JrXx.js                                                   [39m[1m[2m    0.98 kB[22m[1m[22m[2m Γöé gzip:   0.50 kB[22m
[2m../dist/public/[22m[36massets/card-DLWpyCNQ.js                                                    [39m[1m[2m    1.10 kB[22m[1m[22m[2m Γöé gzip:   0.42 kB[22m
[2m../dist/public/[22m[36massets/tabs-D-CTLgS3.js                                                    [39m[1m[2m    1.15 kB[22m[1m[22m[2m Γöé gzip:   0.48 kB[22m
[2m../dist/public/[22m[36massets/ComingSoon-DA9rumla.js                                              [39m[1m[2m    1.78 kB[22m[1m[22m[2m Γöé gzip:   0.93 kB[22m
[2m../dist/public/[22m[36massets/progress-Bxpn3mwm.js                                                [39m[1m[2m    1.98 kB[22m[1m[22m[2m Γöé gzip:   0.98 kB[22m
[2m../dist/public/[22m[36massets/dialog-D9IeFkYs.js                                                  [39m[1m[2m    2.21 kB[22m[1m[22m[2m Γöé gzip:   0.86 kB[22m
[2m../dist/public/[22m[36massets/switch-B8H8R1yn.js                                                  [39m[1m[2m    2.41 kB[22m[1m[22m[2m Γöé gzip:   1.22 kB[22m
[2m../dist/public/[22m[36massets/AddScreen-Cr_LetlZ.js                                               [39m[1m[2m    2.46 kB[22m[1m[22m[2m Γöé gzip:   1.17 kB[22m
[2m../dist/public/[22m[36massets/Settings-DTQSAE-A.js                                                [39m[1m[2m    2.84 kB[22m[1m[22m[2m Γöé gzip:   0.96 kB[22m
[2m../dist/public/[22m[36massets/checkbox-BO52ehon.js                                                [39m[1m[2m    2.86 kB[22m[1m[22m[2m Γöé gzip:   1.41 kB[22m
[2m../dist/public/[22m[36massets/AddScreenForOwner-bBFgjBpF.js                                       [39m[1m[2m    3.04 kB[22m[1m[22m[2m Γöé gzip:   1.38 kB[22m
[2m../dist/public/[22m[36massets/constants-BRCkSmJQ.js                                               [39m[1m[2m    3.27 kB[22m[1m[22m[2m Γöé gzip:   1.71 kB[22m
[2m../dist/public/[22m[36massets/select-B6NCuMV0.js                                                  [39m[1m[2m    3.61 kB[22m[1m[22m[2m Γöé gzip:   1.32 kB[22m
[2m../dist/public/[22m[36massets/ManageUsers-x48DoSwO.js                                             [39m[1m[2m    3.63 kB[22m[1m[22m[2m Γöé gzip:   1.42 kB[22m
[2m../dist/public/[22m[36massets/AdvertiserPayments-5SxdKVrU.js                                      [39m[1m[2m    3.69 kB[22m[1m[22m[2m Γöé gzip:   1.27 kB[22m
[2m../dist/public/[22m[36massets/radio-group-y7mWmeP5.js                                             [39m[1m[2m    4.15 kB[22m[1m[22m[2m Γöé gzip:   1.92 kB[22m
[2m../dist/public/[22m[36massets/PasswordReset-DxM0MQ92.js                                           [39m[1m[2m    4.64 kB[22m[1m[22m[2m Γöé gzip:   1.65 kB[22m
[2m../dist/public/[22m[36massets/EmailVerification-CO8G9z1e.js                                       [39m[1m[2m    4.67 kB[22m[1m[22m[2m Γöé gzip:   1.78 kB[22m
[2m../dist/public/[22m[36massets/BookingManagement-B1uYksjg.js                                       [39m[1m[2m    5.15 kB[22m[1m[22m[2m Γöé gzip:   1.59 kB[22m
[2m../dist/public/[22m[36massets/OwnerEarnings-B9wBCrjj.js                                           [39m[1m[2m    5.51 kB[22m[1m[22m[2m Γöé gzip:   1.89 kB[22m
[2m../dist/public/[22m[36massets/EditScreen-D9i9SBOz.js                                              [39m[1m[2m    5.54 kB[22m[1m[22m[2m Γöé gzip:   2.09 kB[22m
[2m../dist/public/[22m[36massets/OwnerDashboard-CfDccdA0.js                                          [39m[1m[2m    5.72 kB[22m[1m[22m[2m Γöé gzip:   1.93 kB[22m
[2m../dist/public/[22m[36massets/CampaignsList-RZxMs58a.js                                           [39m[1m[2m    6.21 kB[22m[1m[22m[2m Γöé gzip:   1.96 kB[22m
[2m../dist/public/[22m[36massets/ScreenTagsPanel-CsGo31c9.js                                         [39m[1m[2m    6.30 kB[22m[1m[22m[2m Γöé gzip:   2.58 kB[22m
[2m../dist/public/[22m[36massets/ContactUs-Ah_ItJ05.js                                               [39m[1m[2m    6.60 kB[22m[1m[22m[2m Γöé gzip:   1.75 kB[22m
[2m../dist/public/[22m[36massets/en-US-CXXYYhpC.js                                                   [39m[1m[2m    7.70 kB[22m[1m[22m[2m Γöé gzip:   2.69 kB[22m
[2m../dist/public/[22m[36massets/AboutUs-D3o1nwSk.js                                                 [39m[1m[2m    7.71 kB[22m[1m[22m[2m Γöé gzip:   2.48 kB[22m
[2m../dist/public/[22m[36massets/slider-nRRFRNHO.js                                                  [39m[1m[2m    8.51 kB[22m[1m[22m[2m Γöé gzip:   3.52 kB[22m
[2m../dist/public/[22m[36massets/AdvertiserDashboard-BY5XOg0t.js                                     [39m[1m[2m    8.74 kB[22m[1m[22m[2m Γöé gzip:   2.47 kB[22m
[2m../dist/public/[22m[36massets/RefundPolicy-_NKpXwNf.js                                            [39m[1m[2m    9.52 kB[22m[1m[22m[2m Γöé gzip:   2.68 kB[22m
[2m../dist/public/[22m[36massets/AdminDashboard-DdhhpVY6.js                                          [39m[1m[2m    9.81 kB[22m[1m[22m[2m Γöé gzip:   2.88 kB[22m
[2m../dist/public/[22m[36massets/AISecurityDashboard-CS_TCakt.js                                     [39m[1m[2m   10.53 kB[22m[1m[22m[2m Γöé gzip:   2.44 kB[22m
[2m../dist/public/[22m[36massets/ProfileCompletion-CtQ4dbzn.js                                       [39m[1m[2m   10.57 kB[22m[1m[22m[2m Γöé gzip:   3.21 kB[22m
[2m../dist/public/[22m[36massets/AIConversations-BfcQDUDd.js                                         [39m[1m[2m   10.62 kB[22m[1m[22m[2m Γöé gzip:   3.02 kB[22m
[2m../dist/public/[22m[36massets/Analytics-BrJMvqA1.js                                               [39m[1m[2m   12.19 kB[22m[1m[22m[2m Γöé gzip:   2.44 kB[22m
[2m../dist/public/[22m[36massets/format-Cn6ElKJ8.js                                                  [39m[1m[2m   12.62 kB[22m[1m[22m[2m Γöé gzip:   3.36 kB[22m
[2m../dist/public/[22m[36massets/QuickCampaignFromCart-yN_a3i7L.js                                   [39m[1m[2m   12.77 kB[22m[1m[22m[2m Γöé gzip:   3.91 kB[22m
[2m../dist/public/[22m[36massets/Profile-tS0imIaT.js                                                 [39m[1m[2m   13.94 kB[22m[1m[22m[2m Γöé gzip:   3.59 kB[22m
[2m../dist/public/[22m[36massets/PrivacyPolicy-CR0KOUm4.js                                           [39m[1m[2m   14.59 kB[22m[1m[22m[2m Γöé gzip:   4.10 kB[22m
[2m../dist/public/[22m[36massets/BookingRequests-r5GKA5XS.js                                         [39m[1m[2m   14.99 kB[22m[1m[22m[2m Γöé gzip:   4.22 kB[22m
[2m../dist/public/[22m[36massets/TermsOfService-tUCzRDfI.js                                          [39m[1m[2m   15.19 kB[22m[1m[22m[2m Γöé gzip:   4.44 kB[22m
[2m../dist/public/[22m[36massets/Login-FYE6-Hk4.js                                                   [39m[1m[2m   15.62 kB[22m[1m[22m[2m Γöé gzip:   4.44 kB[22m
[2m../dist/public/[22m[36massets/AdminPayments-Co64-Fm6.js                                           [39m[1m[2m   17.01 kB[22m[1m[22m[2m Γöé gzip:   4.06 kB[22m
[2m../dist/public/[22m[36massets/ManageBookings-DBzeyYsP.js                                          [39m[1m[2m   17.10 kB[22m[1m[22m[2m Γöé gzip:   3.80 kB[22m
[2m../dist/public/[22m[36massets/ScreensList-P0OctcaO.js                                             [39m[1m[2m   17.47 kB[22m[1m[22m[2m Γöé gzip:   4.98 kB[22m
[2m../dist/public/[22m[36massets/ManageScreens-XbJO708Y.js                                           [39m[1m[2m   17.50 kB[22m[1m[22m[2m Γöé gzip:   4.20 kB[22m
[2m../dist/public/[22m[36massets/AICampaignAdvisor-DTEf63V-.js                                       [39m[1m[2m   17.57 kB[22m[1m[22m[2m Γöé gzip:   5.41 kB[22m
[2m../dist/public/[22m[36massets/CampaignDetails-Bfb31FbL.js                                         [39m[1m[2m   17.68 kB[22m[1m[22m[2m Γöé gzip:   5.02 kB[22m
[2m../dist/public/[22m[36massets/DiscoverScreens-KCePKq55.js                                         [39m[1m[2m   22.86 kB[22m[1m[22m[2m Γöé gzip:   6.17 kB[22m
[2m../dist/public/[22m[36massets/vendor-maps-COvPg4R3.js                                             [39m[1m[2m   24.35 kB[22m[1m[22m[2m Γöé gzip:   8.90 kB[22m
[2m../dist/public/[22m[36massets/ScreenForm-DJ1p5oi3.js                                              [39m[1m[2m   29.62 kB[22m[1m[22m[2m Γöé gzip:   6.17 kB[22m
[2m../dist/public/[22m[36massets/vendor-query-D6OOLHvs.js                                            [39m[1m[2m   38.66 kB[22m[1m[22m[2m Γöé gzip:  11.55 kB[22m
[2m../dist/public/[22m[36massets/PublicHome-C5aFj9uK.js                                              [39m[1m[2m   48.18 kB[22m[1m[22m[2m Γöé gzip:  11.04 kB[22m
[2m../dist/public/[22m[36massets/CreateCampaign-j1RXefJW.js                                          [39m[1m[2m   59.88 kB[22m[1m[22m[2m Γöé gzip:  14.88 kB[22m
[2m../dist/public/[22m[36massets/form-BMIJt3oE.js                                                    [39m[1m[2m   82.22 kB[22m[1m[22m[2m Γöé gzip:  22.72 kB[22m
[2m../dist/public/[22m[36massets/vendor-ui-DWr-E0-F.js                                               [39m[1m[2m   92.57 kB[22m[1m[22m[2m Γöé gzip:  31.52 kB[22m
[2m../dist/public/[22m[36massets/GuidedTour-D_Kd_Rzh.js                                              [39m[1m[2m  100.43 kB[22m[1m[22m[2m Γöé gzip:  31.75 kB[22m
[2m../dist/public/[22m[36massets/vendor-react--0RGCJ5T.js                                            [39m[1m[2m  141.41 kB[22m[1m[22m[2m Γöé gzip:  45.48 kB[22m
[2m../dist/public/[22m[36massets/index-Bw1Togbd.js                                                   [39m[1m[2m  283.66 kB[22m[1m[22m[2m Γöé gzip:  70.11 kB[22m
[2m../dist/public/[22m[36massets/vendor-charts-lX635fKD.js                                           [39m[1m[2m  421.81 kB[22m[1m[22m[2m Γöé gzip: 112.18 kB[22m
[32mΓ£ô built in 1m 13s[39m
